[debug] [2026-09-24T12:03:16.239Z] ----------------------------------------------------------------------
[debug] [2026-09-24T12:03:16.241Z] Command:       C:\nvm4w\nodejs\node.exe C:\Users\my359\Desktop\google-hackathon\node_modules\firebase-tools\lib\bin\firebase.js deploy
[debug] [2026-09-24T12:03:16.241Z] CLI Version:   15.31.0
[debug] [2026-09-24T12:03:16.241Z] Platform:      win32
[debug] [2026-09-24T12:03:16.241Z] Node Version:  v20.20.2
[debug] [2026-09-24T12:03:16.242Z] Detected Agent: unknown
[debug] [2026-09-24T12:03:16.242Z] Time:          Thu Sep 24 2026 17:33:16 GMT+0530 (India Standard Time)
[debug] [2026-09-24T12:03:16.242Z] ----------------------------------------------------------------------
[debug] 
[debug] [2026-09-24T12:03:17.354Z] > command requires scopes: ["email","openid","https://www.googleapis.com/auth/cloudplatformprojects.readonly","https://www.googleapis.com/auth/firebase","https://www.googleapis.com/auth/cloud-platform"]
[debug] [2026-09-24T12:03:17.354Z] > authorizing via signed-in user (my3596418@gmail.com)
[debug] [2026-09-24T12:03:17.354Z] [iam] checking project project-7917559466157893067 for permissions ["cloudfunctions.functions.create","cloudfunctions.functions.delete","cloudfunctions.functions.get","cloudfunctions.functions.list","cloudfunctions.functions.update","cloudfunctions.operations.get","datastore.indexes.create","datastore.indexes.delete","datastore.indexes.list","datastore.indexes.update","firebase.projects.get","firebasehosting.sites.update","firebaserules.releases.create","firebaserules.releases.update","firebaserules.rulesets.create"]
[debug] [2026-09-24T12:03:17.355Z] Checked if tokens are valid: true, expires at: 1790254669271
[debug] [2026-09-24T12:03:17.356Z] Checked if tokens are valid: true, expires at: 1790254669271
[debug] [2026-09-24T12:03:17.356Z] >>> [apiv2][query] POST https://cloudresourcemanager.googleapis.com/v1/projects/project-7917559466157893067:testIamPermissions [none]
[debug] [2026-09-24T12:03:17.357Z] >>> [apiv2][(partial)header] POST https://cloudresourcemanager.googleapis.com/v1/projects/project-7917559466157893067:testIamPermissions  x-goog-user-project=project-7917559466157893067
[debug] [2026-09-24T12:03:17.357Z] >>> [apiv2][body] POST https://cloudresourcemanager.googleapis.com/v1/projects/project-7917559466157893067:testIamPermissions {"permissions":["cloudfunctions.functions.create","cloudfunctions.functions.delete","cloudfunctions.functions.get","cloudfunctions.functions.list","cloudfunctions.functions.update","cloudfunctions.operations.get","datastore.indexes.create","datastore.indexes.delete","datastore.indexes.list","datastore.indexes.update","firebase.projects.get","firebasehosting.sites.update","firebaserules.releases.create","firebaserules.releases.update","firebaserules.rulesets.create"]}
[debug] [2026-09-24T12:03:18.957Z] <<< [apiv2][status] POST https://cloudresourcemanager.googleapis.com/v1/projects/project-7917559466157893067:testIamPermissions 200
[debug] [2026-09-24T12:03:18.958Z] <<< [apiv2][body] POST https://cloudresourcemanager.googleapis.com/v1/projects/project-7917559466157893067:testIamPermissions {"permissions":["cloudfunctions.functions.create","cloudfunctions.functions.delete","cloudfunctions.functions.get","cloudfunctions.functions.list","cloudfunctions.functions.update","cloudfunctions.operations.get","datastore.indexes.create","datastore.indexes.delete","datastore.indexes.list","datastore.indexes.update","firebase.projects.get","firebasehosting.sites.update","firebaserules.releases.create","firebaserules.releases.update","firebaserules.rulesets.create"]}
[debug] [2026-09-24T12:03:18.958Z] Checked if tokens are valid: true, expires at: 1790254669271
[debug] [2026-09-24T12:03:18.958Z] Checked if tokens are valid: true, expires at: 1790254669271
[debug] [2026-09-24T12:03:18.958Z] >>> [apiv2][query] POST https://iam.googleapis.com/v1/projects/project-7917559466157893067/serviceAccounts/project-7917559466157893067@appspot.gserviceaccount.com:testIamPermissions [none]
[debug] [2026-09-24T12:03:18.958Z] >>> [apiv2][body] POST https://iam.googleapis.com/v1/projects/project-7917559466157893067/serviceAccounts/project-7917559466157893067@appspot.gserviceaccount.com:testIamPermissions {"permissions":["iam.serviceAccounts.actAs"]}
[debug] [2026-09-24T12:03:20.814Z] <<< [apiv2][status] POST https://iam.googleapis.com/v1/projects/project-7917559466157893067/serviceAccounts/project-7917559466157893067@appspot.gserviceaccount.com:testIamPermissions 404
[debug] [2026-09-24T12:03:20.814Z] <<< [apiv2][body] POST https://iam.googleapis.com/v1/projects/project-7917559466157893067/serviceAccounts/project-7917559466157893067@appspot.gserviceaccount.com:testIamPermissions {"error":{"code":404,"message":"Unknown service account","status":"NOT_FOUND"}}
[debug] [2026-09-24T12:03:20.815Z] [functions] service account IAM check errored, deploy may fail: Request to https://iam.googleapis.com/v1/projects/project-7917559466157893067/serviceAccounts/project-7917559466157893067@appspot.gserviceaccount.com:testIamPermissions had HTTP Error: 404, Unknown service account {"name":"FirebaseError","children":[],"context":{"body":{"error":{"code":404,"message":"Unknown service account","status":"NOT_FOUND"}},"response":{"statusCode":404}},"exit":1,"message":"Request to https://iam.googleapis.com/v1/projects/project-7917559466157893067/serviceAccounts/project-7917559466157893067@appspot.gserviceaccount.com:testIamPermissions had HTTP Error: 404, Unknown service account","status":404}
[debug] [2026-09-24T12:03:20.816Z] Checked if tokens are valid: true, expires at: 1790254669271
[debug] [2026-09-24T12:03:20.816Z] Checked if tokens are valid: true, expires at: 1790254669271
[debug] [2026-09-24T12:03:20.816Z] >>> [apiv2][query] GET https://firebase.googleapis.com/v1beta1/projects/project-7917559466157893067 [none]
[debug] [2026-09-24T12:03:21.304Z] <<< [apiv2][status] GET https://firebase.googleapis.com/v1beta1/projects/project-7917559466157893067 200
[debug] [2026-09-24T12:03:21.304Z] <<< [apiv2][body] GET https://firebase.googleapis.com/v1beta1/projects/project-7917559466157893067 {"projectId":"project-7917559466157893067","projectNumber":"501646292345","displayName":"project-7917559466157893067","name":"projects/project-7917559466157893067","resources":{"hostingSite":"project-7917559466157893067"},"state":"ACTIVE","labels":{"firebase":"enabled"},"etag":"1_0c9a0b7d-fd9f-46fd-bb69-7cbad004968a"}
[info] 
[info] === Deploying to 'project-7917559466157893067'...
[info] 
[info] i  deploying storage, firestore, functions, hosting 
[info] i  storage: ensuring required API firebasestorage.googleapis.com is enabled... 
[debug] [2026-09-24T12:03:21.309Z] Checked if tokens are valid: true, expires at: 1790254669271
[debug] [2026-09-24T12:03:21.310Z] Checked if tokens are valid: true, expires at: 1790254669271
[debug] [2026-09-24T12:03:21.310Z] >>> [apiv2][query] GET https://serviceusage.googleapis.com/v1/projects/project-7917559466157893067/services/firebasestorage.googleapis.com [none]
[debug] [2026-09-24T12:03:21.310Z] >>> [apiv2][(partial)header] GET https://serviceusage.googleapis.com/v1/projects/project-7917559466157893067/services/firebasestorage.googleapis.com  x-goog-user-project=project-7917559466157893067
[debug] [2026-09-24T12:03:23.318Z] <<< [apiv2][status] GET https://serviceusage.googleapis.com/v1/projects/project-7917559466157893067/services/firebasestorage.googleapis.com 200
[debug] [2026-09-24T12:03:23.319Z] <<< [apiv2][body] GET https://serviceusage.googleapis.com/v1/projects/project-7917559466157893067/services/firebasestorage.googleapis.com [omitted]
[warn] !  storage: missing required API firebasestorage.googleapis.com. Enabling now... 
[debug] [2026-09-24T12:03:23.319Z] Checked if tokens are valid: true, expires at: 1790254669271
[debug] [2026-09-24T12:03:23.320Z] Checked if tokens are valid: true, expires at: 1790254669271
[debug] [2026-09-24T12:03:23.320Z] >>> [apiv2][query] POST https://serviceusage.googleapis.com/v1/projects/project-7917559466157893067/services/firebasestorage.googleapis.com:enable [none]
[debug] [2026-09-24T12:03:23.320Z] >>> [apiv2][(partial)header] POST https://serviceusage.googleapis.com/v1/projects/project-7917559466157893067/services/firebasestorage.googleapis.com:enable  x-goog-user-project=project-7917559466157893067
[debug] [2026-09-24T12:03:23.882Z] <<< [apiv2][status] POST https://serviceusage.googleapis.com/v1/projects/project-7917559466157893067/services/firebasestorage.googleapis.com:enable 200
[debug] [2026-09-24T12:03:23.883Z] <<< [apiv2][body] POST https://serviceusage.googleapis.com/v1/projects/project-7917559466157893067/services/firebasestorage.googleapis.com:enable [omitted]
